
> NammaSuvai@10.0.0 dev
> MONGO_URL=mongodb://127.0.0.1:27017/suvaidb meteor --settings settings-development.json

[[[[[ ~/Stuff/mydev-flutter ]]]]]

=> Started proxy.
I20260105-23:43:53.764(-5)? OneSignal client initialized successfully
I20260105-23:43:53.770(-5)? AdminMessages: Initializing OneSignal client...
I20260105-23:43:53.770(-5)? AdminMessages: App ID: Found
I20260105-23:43:53.771(-5)? AdminMessages: API Key: Found
I20260105-23:43:53.771(-5)? AdminMessages: OneSignal client initialized successfully
I20260105-23:43:53.792(-5)? Unhandled Rejection at: Promise {
I20260105-23:43:53.792(-5)?   <rejected> MongoServerError: An existing index has the same name as the requested index. When index names are not specified, they are auto generated and can cause conflicts. Please refer to our documentation. Requested index: { v: 2, unique: true, key: { userId: 1, playerId: 1 }, name: "userId_1_playerId_1", sparse: true }, existing index: { v: 2, unique: true, key: { userId: 1, playerId: 1 }, name: "userId_1_playerId_1" }
I20260105-23:43:53.792(-5)?       at Connection.sendCommand (/Users/charaneesh/.meteor/packages/npm-mongo/.6.16.1.1nk60v1yo08++os+web.browser+web.browser.legacy+web.cordova/npm/node_modules/mongodb/src/cmap/connection.ts:551:17)
I20260105-23:43:53.792(-5)?       at processTicksAndRejections (node:internal/process/task_queues:105:5)
I20260105-23:43:53.792(-5)?       at Connection.command (/Users/charaneesh/.meteor/packages/npm-mongo/.6.16.1.1nk60v1yo08++os+web.browser+web.browser.legacy+web.cordova/npm/node_modules/mongodb/src/cmap/connection.ts:625:22)
I20260105-23:43:53.792(-5)?       at Server.command (/Users/charaneesh/.meteor/packages/npm-mongo/.6.16.1.1nk60v1yo08++os+web.browser+web.browser.legacy+web.cordova/npm/node_modules/mongodb/src/sdam/server.ts:338:21)
I20260105-23:43:53.792(-5)?       at CreateIndexesOperation.executeCommand (/Users/charaneesh/.meteor/packages/npm-mongo/.6.16.1.1nk60v1yo08++os+web.browser+web.browser.legacy+web.cordova/npm/node_modules/mongodb/src/operations/command.ts:179:12)
I20260105-23:43:53.792(-5)?       at CreateIndexesOperation.execute (/Users/charaneesh/.meteor/packages/npm-mongo/.6.16.1.1nk60v1yo08++os+web.browser+web.browser.legacy+web.cordova/npm/node_modules/mongodb/src/operations/indexes.ts:324:5)
I20260105-23:43:53.792(-5)?       at tryOperation (/Users/charaneesh/.meteor/packages/npm-mongo/.6.16.1.1nk60v1yo08++os+web.browser+web.browser.legacy+web.cordova/npm/node_modules/mongodb/src/operations/execute_operation.ts:283:14)
I20260105-23:43:53.792(-5)?       at executeOperation (/Users/charaneesh/.meteor/packages/npm-mongo/.6.16.1.1nk60v1yo08++os+web.browser+web.browser.legacy+web.cordova/npm/node_modules/mongodb/src/operations/execute_operation.ts:115:12)
I20260105-23:43:53.792(-5)?       at Collection.createIndex (/Users/charaneesh/.meteor/packages/npm-mongo/.6.16.1.1nk60v1yo08++os+web.browser+web.browser.legacy+web.cordova/npm/node_modules/mongodb/src/collection.ts:609:21) {
I20260105-23:43:53.792(-5)?     errorLabelSet: Set(0) {},
I20260105-23:43:53.792(-5)?     errorResponse: {
I20260105-23:43:53.792(-5)?       ok: 0,
I20260105-23:43:53.793(-5)?       errmsg: 'An existing index has the same name as the requested index. When index names are not specified, they are auto generated and can cause conflicts. Please refer to our documentation. Requested index: { v: 2, unique: true, key: { userId: 1, playerId: 1 }, name: "userId_1_playerId_1", sparse: true }, existing index: { v: 2, unique: true, key: { userId: 1, playerId: 1 }, name: "userId_1_playerId_1" }',
I20260105-23:43:53.793(-5)?       code: 86,
I20260105-23:43:53.793(-5)?       codeName: 'IndexKeySpecsConflict'
I20260105-23:43:53.793(-5)?     },
I20260105-23:43:53.793(-5)?     ok: 0,
I20260105-23:43:53.793(-5)?     code: 86,
I20260105-23:43:53.793(-5)?     codeName: 'IndexKeySpecsConflict'
I20260105-23:43:53.793(-5)?   },
I20260105-23:43:53.793(-5)?   [Symbol(async_id_symbol)]: 1770,
I20260105-23:43:53.793(-5)?   [Symbol(trigger_async_id_symbol)]: 895,
I20260105-23:43:53.793(-5)?   [Symbol(kResourceStore)]: undefined
I20260105-23:43:53.793(-5)? } reason: MongoServerError: An existing index has the same name as the requested index. When index names are not specified, they are auto generated and can cause conflicts. Please refer to our documentation. Requested index: { v: 2, unique: true, key: { userId: 1, playerId: 1 }, name: "userId_1_playerId_1", sparse: true }, existing index: { v: 2, unique: true, key: { userId: 1, playerId: 1 }, name: "userId_1_playerId_1" }
I20260105-23:43:53.793(-5)?     at Connection.sendCommand (/Users/charaneesh/.meteor/packages/npm-mongo/.6.16.1.1nk60v1yo08++os+web.browser+web.browser.legacy+web.cordova/npm/node_modules/mongodb/src/cmap/connection.ts:551:17)
I20260105-23:43:53.793(-5)?     at processTicksAndRejections (node:internal/process/task_queues:105:5)
I20260105-23:43:53.793(-5)?     at Connection.command (/Users/charaneesh/.meteor/packages/npm-mongo/.6.16.1.1nk60v1yo08++os+web.browser+web.browser.legacy+web.cordova/npm/node_modules/mongodb/src/cmap/connection.ts:625:22)
I20260105-23:43:53.793(-5)?     at Server.command (/Users/charaneesh/.meteor/packages/npm-mongo/.6.16.1.1nk60v1yo08++os+web.browser+web.browser.legacy+web.cordova/npm/node_modules/mongodb/src/sdam/server.ts:338:21)
I20260105-23:43:53.793(-5)?     at CreateIndexesOperation.executeCommand (/Users/charaneesh/.meteor/packages/npm-mongo/.6.16.1.1nk60v1yo08++os+web.browser+web.browser.legacy+web.cordova/npm/node_modules/mongodb/src/operations/command.ts:179:12)
I20260105-23:43:53.793(-5)?     at CreateIndexesOperation.execute (/Users/charaneesh/.meteor/packages/npm-mongo/.6.16.1.1nk60v1yo08++os+web.browser+web.browser.legacy+web.cordova/npm/node_modules/mongodb/src/operations/indexes.ts:324:5)
I20260105-23:43:53.793(-5)?     at tryOperation (/Users/charaneesh/.meteor/packages/npm-mongo/.6.16.1.1nk60v1yo08++os+web.browser+web.browser.legacy+web.cordova/npm/node_modules/mongodb/src/operations/execute_operation.ts:283:14)
I20260105-23:43:53.793(-5)?     at executeOperation (/Users/charaneesh/.meteor/packages/npm-mongo/.6.16.1.1nk60v1yo08++os+web.browser+web.browser.legacy+web.cordova/npm/node_modules/mongodb/src/operations/execute_operation.ts:115:12)
I20260105-23:43:53.793(-5)?     at Collection.createIndex (/Users/charaneesh/.meteor/packages/npm-mongo/.6.16.1.1nk60v1yo08++os+web.browser+web.browser.legacy+web.cordova/npm/node_modules/mongodb/src/collection.ts:609:21) {
I20260105-23:43:53.793(-5)?   errorLabelSet: Set(0) {},
I20260105-23:43:53.793(-5)?   errorResponse: {
I20260105-23:43:53.793(-5)?     ok: 0,
I20260105-23:43:53.793(-5)?     errmsg: 'An existing index has the same name as the requested index. When index names are not specified, they are auto generated and can cause conflicts. Please refer to our documentation. Requested index: { v: 2, unique: true, key: { userId: 1, playerId: 1 }, name: "userId_1_playerId_1", sparse: true }, existing index: { v: 2, unique: true, key: { userId: 1, playerId: 1 }, name: "userId_1_playerId_1" }',
I20260105-23:43:53.793(-5)?     code: 86,
I20260105-23:43:53.793(-5)?     codeName: 'IndexKeySpecsConflict'
I20260105-23:43:53.793(-5)?   },
I20260105-23:43:53.793(-5)?   ok: 0,
I20260105-23:43:53.793(-5)?   code: 86,
I20260105-23:43:53.793(-5)?   codeName: 'IndexKeySpecsConflict'
I20260105-23:43:53.793(-5)? }
(node:49211) Warning: The `util._extend` API is deprecated. Please use Object.assign() instead.
(Use `node --trace-warnings ...` to show where the warning was created)
=> Started your app.

=> App running at: http://localhost:3000/
I20260105-23:45:27.461(-5)? [orders.create] Called with data: {
I20260105-23:45:27.461(-5)?   name: 'jon',
I20260105-23:45:27.461(-5)?   phone: '6545567876',
I20260105-23:45:27.461(-5)?   address: 'address',
I20260105-23:45:27.461(-5)?   items: [
I20260105-23:45:27.461(-5)?     {
I20260105-23:45:27.461(-5)?       productId: 'Jaq6R2pkPbJ7nzYWS',
I20260105-23:45:27.461(-5)?       productName: 'BESAN FLOUR',
I20260105-23:45:27.461(-5)?       quantity: 1,
I20260105-23:45:27.461(-5)?       price: 260,
I20260105-23:45:27.461(-5)?       subtotal: 260
I20260105-23:45:27.461(-5)?     },
I20260105-23:45:27.461(-5)?     {
I20260105-23:45:27.461(-5)?       productId: 'fj3XebgQzWtTQSg6L',
I20260105-23:45:27.461(-5)?       productName: 'BLACK BEANS',
I20260105-23:45:27.461(-5)?       quantity: 1,
I20260105-23:45:27.461(-5)?       price: 0,
I20260105-23:45:27.461(-5)?       subtotal: 0
I20260105-23:45:27.461(-5)?     }
I20260105-23:45:27.461(-5)?   ],
I20260105-23:45:27.461(-5)?   totalAmount: 260
I20260105-23:45:27.461(-5)? }
I20260105-23:45:27.493(-5)? [orders.create] Order created successfully with ID: 695c9367e08dd629b3f20392
=> Server modified -- restarting...                                   I20260106-19:25:02.939(-5)? OneSignal client initialized successfully
I20260106-19:25:02.940(-5)? AdminMessages: Initializing OneSignal client...
I20260106-19:25:02.940(-5)? AdminMessages: App ID: Found
I20260106-19:25:02.940(-5)? AdminMessages: API Key: Found
I20260106-19:25:02.940(-5)? AdminMessages: OneSignal client initialized successfully
I20260106-19:25:02.963(-5)? Unhandled Rejection at: Promise {
I20260106-19:25:02.963(-5)?   <rejected> MongoServerError: An existing index has the same name as the requested index. When index names are not specified, they are auto generated and can cause conflicts. Please refer to our documentation. Requested index: { v: 2, unique: true, key: { userId: 1, playerId: 1 }, name: "userId_1_playerId_1", sparse: true }, existing index: { v: 2, unique: true, key: { userId: 1, playerId: 1 }, name: "userId_1_playerId_1" }
I20260106-19:25:02.963(-5)?       at Connection.sendCommand (/Users/charaneesh/.meteor/packages/npm-mongo/.6.16.1.1nk60v1yo08++os+web.browser+web.browser.legacy+web.cordova/npm/node_modules/mongodb/src/cmap/connection.ts:551:17)
I20260106-19:25:02.963(-5)?       at processTicksAndRejections (node:internal/process/task_queues:105:5)
I20260106-19:25:02.963(-5)?       at Connection.command (/Users/charaneesh/.meteor/packages/npm-mongo/.6.16.1.1nk60v1yo08++os+web.browser+web.browser.legacy+web.cordova/npm/node_modules/mongodb/src/cmap/connection.ts:625:22)
I20260106-19:25:02.963(-5)?       at Server.command (/Users/charaneesh/.meteor/packages/npm-mongo/.6.16.1.1nk60v1yo08++os+web.browser+web.browser.legacy+web.cordova/npm/node_modules/mongodb/src/sdam/server.ts:338:21)
I20260106-19:25:02.963(-5)?       at CreateIndexesOperation.executeCommand (/Users/charaneesh/.meteor/packages/npm-mongo/.6.16.1.1nk60v1yo08++os+web.browser+web.browser.legacy+web.cordova/npm/node_modules/mongodb/src/operations/command.ts:179:12)
I20260106-19:25:02.963(-5)?       at CreateIndexesOperation.execute (/Users/charaneesh/.meteor/packages/npm-mongo/.6.16.1.1nk60v1yo08++os+web.browser+web.browser.legacy+web.cordova/npm/node_modules/mongodb/src/operations/indexes.ts:324:5)
I20260106-19:25:02.963(-5)?       at tryOperation (/Users/charaneesh/.meteor/packages/npm-mongo/.6.16.1.1nk60v1yo08++os+web.browser+web.browser.legacy+web.cordova/npm/node_modules/mongodb/src/operations/execute_operation.ts:283:14)
I20260106-19:25:02.963(-5)?       at executeOperation (/Users/charaneesh/.meteor/packages/npm-mongo/.6.16.1.1nk60v1yo08++os+web.browser+web.browser.legacy+web.cordova/npm/node_modules/mongodb/src/operations/execute_operation.ts:115:12)
I20260106-19:25:02.963(-5)?       at Collection.createIndex (/Users/charaneesh/.meteor/packages/npm-mongo/.6.16.1.1nk60v1yo08++os+web.browser+web.browser.legacy+web.cordova/npm/node_modules/mongodb/src/collection.ts:609:21) {
I20260106-19:25:02.963(-5)?     errorLabelSet: Set(0) {},
I20260106-19:25:02.963(-5)?     errorResponse: {
I20260106-19:25:02.963(-5)?       ok: 0,
I20260106-19:25:02.963(-5)?       errmsg: 'An existing index has the same name as the requested index. When index names are not specified, they are auto generated and can cause conflicts. Please refer to our documentation. Requested index: { v: 2, unique: true, key: { userId: 1, playerId: 1 }, name: "userId_1_playerId_1", sparse: true }, existing index: { v: 2, unique: true, key: { userId: 1, playerId: 1 }, name: "userId_1_playerId_1" }',
I20260106-19:25:02.963(-5)?       code: 86,
I20260106-19:25:02.963(-5)?       codeName: 'IndexKeySpecsConflict'
I20260106-19:25:02.963(-5)?     },
I20260106-19:25:02.963(-5)?     ok: 0,
I20260106-19:25:02.963(-5)?     code: 86,
I20260106-19:25:02.963(-5)?     codeName: 'IndexKeySpecsConflict'
I20260106-19:25:02.963(-5)?   },
I20260106-19:25:02.963(-5)?   [Symbol(async_id_symbol)]: 1695,
I20260106-19:25:02.963(-5)?   [Symbol(trigger_async_id_symbol)]: 820,
I20260106-19:25:02.963(-5)?   [Symbol(kResourceStore)]: undefined
I20260106-19:25:02.963(-5)? } reason: MongoServerError: An existing index has the same name as the requested index. When index names are not specified, they are auto generated and can cause conflicts. Please refer to our documentation. Requested index: { v: 2, unique: true, key: { userId: 1, playerId: 1 }, name: "userId_1_playerId_1", sparse: true }, existing index: { v: 2, unique: true, key: { userId: 1, playerId: 1 }, name: "userId_1_playerId_1" }
I20260106-19:25:02.963(-5)?     at Connection.sendCommand (/Users/charaneesh/.meteor/packages/npm-mongo/.6.16.1.1nk60v1yo08++os+web.browser+web.browser.legacy+web.cordova/npm/node_modules/mongodb/src/cmap/connection.ts:551:17)
I20260106-19:25:02.963(-5)?     at processTicksAndRejections (node:internal/process/task_queues:105:5)
I20260106-19:25:02.963(-5)?     at Connection.command (/Users/charaneesh/.meteor/packages/npm-mongo/.6.16.1.1nk60v1yo08++os+web.browser+web.browser.legacy+web.cordova/npm/node_modules/mongodb/src/cmap/connection.ts:625:22)
I20260106-19:25:02.963(-5)?     at Server.command (/Users/charaneesh/.meteor/packages/npm-mongo/.6.16.1.1nk60v1yo08++os+web.browser+web.browser.legacy+web.cordova/npm/node_modules/mongodb/src/sdam/server.ts:338:21)
I20260106-19:25:02.963(-5)?     at CreateIndexesOperation.executeCommand (/Users/charaneesh/.meteor/packages/npm-mongo/.6.16.1.1nk60v1yo08++os+web.browser+web.browser.legacy+web.cordova/npm/node_modules/mongodb/src/operations/command.ts:179:12)
I20260106-19:25:02.964(-5)?     at CreateIndexesOperation.execute (/Users/charaneesh/.meteor/packages/npm-mongo/.6.16.1.1nk60v1yo08++os+web.browser+web.browser.legacy+web.cordova/npm/node_modules/mongodb/src/operations/indexes.ts:324:5)
I20260106-19:25:02.964(-5)?     at tryOperation (/Users/charaneesh/.meteor/packages/npm-mongo/.6.16.1.1nk60v1yo08++os+web.browser+web.browser.legacy+web.cordova/npm/node_modules/mongodb/src/operations/execute_operation.ts:283:14)
I20260106-19:25:02.964(-5)?     at executeOperation (/Users/charaneesh/.meteor/packages/npm-mongo/.6.16.1.1nk60v1yo08++os+web.browser+web.browser.legacy+web.cordova/npm/node_modules/mongodb/src/operations/execute_operation.ts:115:12)
I20260106-19:25:02.964(-5)?     at Collection.createIndex (/Users/charaneesh/.meteor/packages/npm-mongo/.6.16.1.1nk60v1yo08++os+web.browser+web.browser.legacy+web.cordova/npm/node_modules/mongodb/src/collection.ts:609:21) {
I20260106-19:25:02.964(-5)?   errorLabelSet: Set(0) {},
I20260106-19:25:02.964(-5)?   errorResponse: {
I20260106-19:25:02.964(-5)?     ok: 0,
I20260106-19:25:02.964(-5)?     errmsg: 'An existing index has the same name as the requested index. When index names are not specified, they are auto generated and can cause conflicts. Please refer to our documentation. Requested index: { v: 2, unique: true, key: { userId: 1, playerId: 1 }, name: "userId_1_playerId_1", sparse: true }, existing index: { v: 2, unique: true, key: { userId: 1, playerId: 1 }, name: "userId_1_playerId_1" }',
I20260106-19:25:02.964(-5)?     code: 86,
I20260106-19:25:02.964(-5)?     codeName: 'IndexKeySpecsConflict'
I20260106-19:25:02.964(-5)?   },
I20260106-19:25:02.964(-5)?   ok: 0,
I20260106-19:25:02.964(-5)?   code: 86,
I20260106-19:25:02.964(-5)?   codeName: 'IndexKeySpecsConflict'
I20260106-19:25:02.964(-5)? }
=> Meteor server restarted at: http://localhost:3000/
I20260106-19:25:04.330(-5)? Error: ENOENT: no such file or directory, open '/home/nammasuvai19/apps/templates/AlertHTML.txt'
I20260106-19:25:04.330(-5)?     at Object.readFileSync (node:fs:441:20)
I20260106-19:25:04.330(-5)?     at MethodInvocation.getAlertHTML (imports/api/Utility/server/methods.js:18:23)
I20260106-19:25:04.330(-5)?     at packages/check/match.js:130:15
I20260106-19:25:04.330(-5)?     at AsyncLocalStorage.run (node:internal/async_local_storage/async_hooks:91:14)
I20260106-19:25:04.330(-5)?     at EnvironmentVariableAsync.withValue (packages/meteor.js:1431:29)
I20260106-19:25:04.330(-5)?     at Object._failIfArgumentsAreNotAllChecked (packages/check/match.js:128:43)
I20260106-19:25:04.330(-5)?     at maybeAuditArgumentChecks (packages/ddp-server/livedata_server.js:1745:18)
I20260106-19:25:04.330(-5)?     at packages/ddp-server/livedata_server.js:601:19
I20260106-19:25:04.330(-5)?     at AsyncLocalStorage.run (node:internal/async_local_storage/async_hooks:91:14)
I20260106-19:25:04.330(-5)?     at EnvironmentVariableAsync.withValue (packages/meteor.js:1431:29)
I20260106-19:25:04.330(-5)?     at packages/ddp-server/livedata_server.js:599:46
I20260106-19:25:04.330(-5)?     at AsyncLocalStorage.run (node:internal/async_local_storage/async_hooks:91:14)
I20260106-19:25:04.330(-5)?     at EnvironmentVariableAsync.withValue (packages/meteor.js:1431:29)
I20260106-19:25:04.330(-5)?     at packages/ddp-server/livedata_server.js:597:46
I20260106-19:25:04.330(-5)?     at new Promise (<anonymous>)
I20260106-19:25:04.330(-5)?     at Session.method (packages/ddp-server/livedata_server.js:571:23)
I20260106-19:25:04.330(-5)?     at runHandlers (packages/ddp-server/livedata_server.js:423:58)
I20260106-19:25:04.330(-5)?     at Immediate.processNext [as _onImmediate] (packages/ddp-server/livedata_server.js:440:7)
I20260106-19:25:04.330(-5)?     at processImmediate (node:internal/timers:485:21)
I20260106-19:25:04.330(-5)?     at process.topLevelDomainCallback (node:domain:161:15)
I20260106-19:25:04.330(-5)?     at process.callbackTrampoline (node:internal/async_hooks:128:24) {
I20260106-19:25:04.330(-5)?   errno: -2,
I20260106-19:25:04.330(-5)?   code: 'ENOENT',
I20260106-19:25:04.330(-5)?   syscall: 'open',
I20260106-19:25:04.331(-5)?   path: '/home/nammasuvai19/apps/templates/AlertHTML.txt'
I20260106-19:25:04.331(-5)? }
I20260106-19:25:04.353(-5)? Error: ENOENT: no such file or directory, open '/home/nammasuvai19/apps/templates/AlertHTML.txt'
I20260106-19:25:04.353(-5)?     at Object.readFileSync (node:fs:441:20)
I20260106-19:25:04.353(-5)?     at MethodInvocation.getAlertHTML (imports/api/Utility/server/methods.js:18:23)
I20260106-19:25:04.353(-5)?     at packages/check/match.js:130:15
I20260106-19:25:04.353(-5)?     at AsyncLocalStorage.run (node:internal/async_local_storage/async_hooks:91:14)
I20260106-19:25:04.353(-5)?     at EnvironmentVariableAsync.withValue (packages/meteor.js:1431:29)
I20260106-19:25:04.353(-5)?     at Object._failIfArgumentsAreNotAllChecked (packages/check/match.js:128:43)
I20260106-19:25:04.353(-5)?     at maybeAuditArgumentChecks (packages/ddp-server/livedata_server.js:1745:18)
I20260106-19:25:04.353(-5)?     at packages/ddp-server/livedata_server.js:601:19
I20260106-19:25:04.353(-5)?     at AsyncLocalStorage.run (node:internal/async_local_storage/async_hooks:91:14)
I20260106-19:25:04.353(-5)?     at EnvironmentVariableAsync.withValue (packages/meteor.js:1431:29)
I20260106-19:25:04.353(-5)?     at packages/ddp-server/livedata_server.js:599:46
I20260106-19:25:04.353(-5)?     at AsyncLocalStorage.run (node:internal/async_local_storage/async_hooks:91:14)
I20260106-19:25:04.353(-5)?     at EnvironmentVariableAsync.withValue (packages/meteor.js:1431:29)
I20260106-19:25:04.353(-5)?     at packages/ddp-server/livedata_server.js:597:46
I20260106-19:25:04.353(-5)?     at new Promise (<anonymous>)
I20260106-19:25:04.353(-5)?     at Session.method (packages/ddp-server/livedata_server.js:571:23)
I20260106-19:25:04.353(-5)?     at runHandlers (packages/ddp-server/livedata_server.js:423:58)
I20260106-19:25:04.353(-5)?     at Immediate.processNext [as _onImmediate] (packages/ddp-server/livedata_server.js:440:7)
I20260106-19:25:04.353(-5)?     at processImmediate (node:internal/timers:485:21)
I20260106-19:25:04.353(-5)?     at process.topLevelDomainCallback (node:domain:161:15)
I20260106-19:25:04.353(-5)?     at process.callbackTrampoline (node:internal/async_hooks:128:24) {
I20260106-19:25:04.353(-5)?   errno: -2,
I20260106-19:25:04.353(-5)?   code: 'ENOENT',
I20260106-19:25:04.353(-5)?   syscall: 'open',
I20260106-19:25:04.353(-5)?   path: '/home/nammasuvai19/apps/templates/AlertHTML.txt'
I20260106-19:25:04.353(-5)? }
